[crowdytheme.com/html/saasly/crm.html]
[backblue.gif]
[fade.gif]
[index.html]
[crowdytheme.com/html/saasly/assets/css/bootstrap.min.css]
[crowdytheme.com/html/saasly/assets/css/all.min.css]
[crowdytheme.com/html/saasly/assets/css/swiper-bundle.min.css]
[crowdytheme.com/html/saasly/assets/css/progressbar.css]
[crowdytheme.com/html/saasly/assets/css/meanmenu.min.css]
[crowdytheme.com/html/saasly/assets/css/magnific-popup.css]
[crowdytheme.com/html/saasly/assets/css/master-crm.css]
[crowdytheme.com/html/saasly/assets/imgs/icon/close.png]
[crowdytheme.com/html/saasly/assets/imgs/icon/angle-down.png]
[crowdytheme.com/html/saasly/ai-content-writer.html]
[crowdytheme.com/html/saasly/ai-image-generator.html]
[crowdytheme.com/html/saasly/ai-chatbot.html]
[crowdytheme.com/html/saasly/ai-seo.html]
[crowdytheme.com/html/saasly/ai-software.html]
[crowdytheme.com/html/saasly/ai-video-editor.html]
[crowdytheme.com/html/saasly/booking.html]
[crowdytheme.com/html/saasly/online-meeting.html]
[crowdytheme.com/html/saasly/customer-service.html]
[crowdytheme.com/html/saasly/mobile-apps.html]
[crowdytheme.com/html/saasly/marketing-automation.html]
[crowdytheme.com/html/saasly/about.html]
[crowdytheme.com/html/saasly/integration.html]
[crowdytheme.com/html/saasly/integration-single.html]
[crowdytheme.com/html/saasly/contact.html]
[crowdytheme.com/html/saasly/404.html]
[crowdytheme.com/html/saasly/pricing.html]
[crowdytheme.com/html/saasly/faq.html]
[crowdytheme.com/html/saasly/all-template.html]
[crowdytheme.com/html/saasly/team.html]
[crowdytheme.com/html/saasly/privacy-policy.html]
[crowdytheme.com/html/saasly/blog.html]
[crowdytheme.com/html/saasly/blog-details.html]
[crowdytheme.com/html/saasly/index.html]
[crowdytheme.com/html/saasly/assets/imgs/logo/logo-yellow.webp]
[crowdytheme.com/html/saasly/assets/imgs/logo/logo-13.webp]
[crowdytheme.com/html/saasly/assets/imgs/shape/shape-r-2.webp]
[crowdytheme.com/html/saasly/assets/video/video.mp4]
[crowdytheme.com/html/saasly/assets/imgs/gallery/img-r-92.png]
[crowdytheme.com/html/saasly/assets/imgs/gallery/img-r-1.webp]
[crowdytheme.com/html/saasly/assets/imgs/gallery/img-r-2.webp]
[crowdytheme.com/html/saasly/assets/imgs/brand/img-r-7.webp]
[crowdytheme.com/html/saasly/assets/imgs/brand/img-r-4.webp]
[crowdytheme.com/html/saasly/assets/imgs/brand/img-r-5.webp]
[crowdytheme.com/html/saasly/assets/imgs/brand/img-r-6.webp]
[crowdytheme.com/html/saasly/assets/imgs/brand/img-r-3.webp]
[crowdytheme.com/html/saasly/assets/imgs/brand/img-r-2.webp]
[crowdytheme.com/html/saasly/assets/imgs/gallery/img-r-3.webp]
[crowdytheme.com/html/saasly/assets/imgs/gallery/img-r-4.webp]
[crowdytheme.com/html/saasly/assets/imgs/gallery/img-r-5.webp]
[crowdytheme.com/html/saasly/assets/imgs/icon/icon-r-1.webp]
[crowdytheme.com/html/saasly/assets/imgs/icon/arrow.webp]
[crowdytheme.com/html/saasly/assets/imgs/icon/icon-r-2.webp]
[crowdytheme.com/html/saasly/assets/imgs/icon/icon-r-3.webp]
[crowdytheme.com/html/saasly/assets/imgs/icon/icon-r-4.webp]
[crowdytheme.com/html/saasly/assets/imgs/gallery/img-r-6.webp]
[crowdytheme.com/html/saasly/assets/imgs/shape/shape-r-4.webp]
[crowdytheme.com/html/saasly/assets/imgs/shape/shape-r-3.webp]
[crowdytheme.com/html/saasly/assets/imgs/icon/icon-r-5.webp]
[crowdytheme.com/html/saasly/assets/imgs/icon/icon-r-6.webp]
[crowdytheme.com/html/saasly/assets/imgs/gallery/img-r-7.webp]
[crowdytheme.com/html/saasly/assets/imgs/gallery/img-r-8.webp]
[crowdytheme.com/html/saasly/assets/imgs/gallery/img-r-9.webp]
[crowdytheme.com/html/saasly/assets/imgs/icon/email.webp]
[crowdytheme.com/html/saasly/assets/imgs/client/img-s-5.webp]
[crowdytheme.com/html/saasly/assets/imgs/icon/rating-star.webp]
[crowdytheme.com/html/saasly/assets/imgs/client/img-s-6.webp]
[crowdytheme.com/html/saasly/assets/imgs/client/img-s-7.webp]
[crowdytheme.com/html/saasly/assets/imgs/client/img-s-8.webp]
[crowdytheme.com/html/saasly/assets/imgs/client/img-s-9.webp]
[crowdytheme.com/html/saasly/assets/imgs/client/img-s-10.webp]
[crowdytheme.com/html/saasly/assets/imgs/shape/shape-r-6.webp]
[crowdytheme.com/html/saasly/assets/imgs/icon/cross-border.webp]
[crowdytheme.com/html/saasly/assets/imgs/icon/check-border.webp]
[crowdytheme.com/html/saasly/assets/imgs/logo/logo-14.webp]
[crowdytheme.com/html/saasly/assets/imgs/icon/cross.webp]
[crowdytheme.com/html/saasly/assets/imgs/shape/shape-s-55.webp]
[crowdytheme.com/html/saasly/assets/js/jquery-3.6.0.min.js]
[crowdytheme.com/html/saasly/assets/js/bootstrap.bundle.min.js]
[crowdytheme.com/html/saasly/assets/js/jquery.magnific-popup.min.js]
[crowdytheme.com/html/saasly/assets/js/swiper-bundle.min.js]
[crowdytheme.com/html/saasly/assets/js/counter.js]
[crowdytheme.com/html/saasly/assets/js/gsap.min.js]
[crowdytheme.com/html/saasly/assets/js/ScrollSmoother.min.js]
[crowdytheme.com/html/saasly/assets/js/ScrollToPlugin.min.js]
[crowdytheme.com/html/saasly/assets/js/ScrollTrigger.min.js]
[crowdytheme.com/html/saasly/assets/js/jquery.meanmenu.min.js]
[crowdytheme.com/html/saasly/assets/js/backToTop.js]
[crowdytheme.com/html/saasly/assets/js/main.js]
[crowdytheme.com/html/saasly/assets/js/error-handling.js]
[crowdytheme.com/html/saasly/assets/js/offcanvas.js]
[crowdytheme.com/html/saasly/crm.html]
[crowdytheme.com/html/saasly/assets/css/bootstrap.min.css]
[crowdytheme.com/html/saasly/assets/webfonts/fa-brands-400.woff2]
[crowdytheme.com/html/saasly/assets/webfonts/fa-brands-400.ttf]
[crowdytheme.com/html/saasly/assets/webfonts/fa-regular-400.woff2]
[crowdytheme.com/html/saasly/assets/webfonts/fa-regular-400.ttf]
[crowdytheme.com/html/saasly/assets/webfonts/fa-solid-900.woff2]
[crowdytheme.com/html/saasly/assets/webfonts/fa-v4compatibility.woff2]
[crowdytheme.com/html/saasly/assets/webfonts/fa-v4compatibility.ttf]
[crowdytheme.com/html/saasly/assets/css/all.min.css]
[crowdytheme.com/html/saasly/assets/css/swiper-bundle.min.css]
[crowdytheme.com/html/saasly/assets/webfonts/fa-solid-900.ttf]
[crowdytheme.com/html/saasly/assets/css/animated-overlay.gif]
[crowdytheme.com/html/saasly/assets/css/progressbar.css]
[crowdytheme.com/html/saasly/assets/css/meanmenu.min.css]
[crowdytheme.com/html/saasly/assets/css/magnific-popup.css]
[crowdytheme.com/html/saasly/assets/fonts/Colasta/Colasta-Bold.otf]
[crowdytheme.com/html/saasly/assets/fonts/Colasta/Colasta.otf]
[crowdytheme.com/html/saasly/assets/fonts/tropiline/Tropiline-Regular.ttf]
[crowdytheme.com/html/saasly/assets/fonts/tropiline/Tropiline-SemiBold.ttf]
[crowdytheme.com/html/saasly/assets/fonts/tropiline/Tropiline-Black.otf]
[crowdytheme.com/html/saasly/assets/fonts/beatrice/BeatriceTRIAL-Regular-BF64829e8f591fb.ttf]
[crowdytheme.com/html/saasly/assets/fonts/beatrice/BeatriceTRIAL-Medium-BF64829e8f63463.ttf]
[crowdytheme.com/html/saasly/assets/fonts/beatrice/BeatriceTRIAL-Semibold-BF64829e8f17d4c.ttf]
[crowdytheme.com/html/saasly/assets/fonts/tropiline/Tropiline-Bold.ttf]
[crowdytheme.com/html/saasly/assets/fonts/beatrice/BeatriceTRIAL-Bold-BF64829e8fd7dc6.otf]
[crowdytheme.com/html/saasly/assets/fonts/Instrument-Sans/InstrumentSans-Regular.ttf]
[crowdytheme.com/html/saasly/assets/fonts/Instrument-Sans/InstrumentSans-SemiBold.ttf]
[crowdytheme.com/html/saasly/assets/fonts/Instrument-Sans/InstrumentSans-Medium.ttf]
[crowdytheme.com/html/saasly/assets/fonts/PPFragment/PPFragment-TextRegular.otf]
[crowdytheme.com/html/saasly/assets/fonts/Instrument-Sans/InstrumentSans-Bold.ttf]
[crowdytheme.com/html/saasly/assets/imgs/writer/body-bg.webp]
[crowdytheme.com/html/saasly/assets/imgs/electrician/check-mark.webp]
[crowdytheme.com/html/saasly/assets/imgs/icon/arrow-left.webp]
[crowdytheme.com/html/saasly/assets/imgs/icon/arrow-right.webp]
[crowdytheme.com/html/saasly/assets/imgs/writer/go-top.webp]
[crowdytheme.com/html/saasly/assets/imgs/writer/go-top-light.webp]
[crowdytheme.com/html/saasly/assets/imgs/shape/shape-r-1.webp]
[crowdytheme.com/html/saasly/assets/imgs/shape/shape-r-5.webp]
[crowdytheme.com/html/saasly/assets/css/master-crm.css]
[crowdytheme.com/html/saasly/assets/css/master-ai-content-writer.css]
[crowdytheme.com/html/saasly/assets/imgs/shape/shape-s-41.webp]
[crowdytheme.com/html/saasly/assets/imgs/client/img-s-2.webp]
[crowdytheme.com/html/saasly/assets/imgs/client/img-s-3.webp]
[crowdytheme.com/html/saasly/assets/imgs/client/img-s-4.webp]
[crowdytheme.com/html/saasly/assets/imgs/client/img-add-2.webp]
[crowdytheme.com/html/saasly/assets/imgs/icon/icon-s-18.webp]
[crowdytheme.com/html/saasly/assets/imgs/gallery/img-s-41.webp]
[crowdytheme.com/html/saasly/assets/imgs/gallery/img-s-40.webp]
[crowdytheme.com/html/saasly/assets/imgs/shape/shape-s-38.webp]
[crowdytheme.com/html/saasly/assets/imgs/shape/shape-s-39.webp]
[crowdytheme.com/html/saasly/assets/imgs/gallery/img-s-42.webp]
[crowdytheme.com/html/saasly/assets/imgs/shape/shape-s-37.webp]
[crowdytheme.com/html/saasly/assets/imgs/icon/icon-s-24.webp]
[crowdytheme.com/html/saasly/assets/imgs/icon/icon-s-25.webp]
[crowdytheme.com/html/saasly/assets/imgs/icon/icon-s-26.webp]
[crowdytheme.com/html/saasly/assets/imgs/icon/icon-s-27.webp]
[crowdytheme.com/html/saasly/assets/imgs/icon/check-7.webp]
[crowdytheme.com/html/saasly/assets/imgs/shape/shape-s-40.webp]
[crowdytheme.com/html/saasly/assets/imgs/gallery/img-s-43.webp]
[crowdytheme.com/html/saasly/assets/imgs/gallery/img-s-44.webp]
[crowdytheme.com/html/saasly/assets/imgs/gallery/img-s-45.webp]
[crowdytheme.com/html/saasly/assets/imgs/gallery/img-s-46.webp]
[crowdytheme.com/html/saasly/assets/imgs/icon/quote-3.webp]
[crowdytheme.com/html/saasly/assets/imgs/blog/img-s-1.webp]
[crowdytheme.com/html/saasly/assets/imgs/blog/img-s-2.webp]
[crowdytheme.com/html/saasly/assets/imgs/blog/img-s-3.webp]
[crowdytheme.com/html/saasly/ai-content-writer.html]
[crowdytheme.com/html/saasly/assets/css/master-ai-image-generator.css]
[crowdytheme.com/html/saasly/assets/imgs/logo/logo-9.webp]
[crowdytheme.com/html/saasly/assets/imgs/shape/shape-s-33.webp]
[crowdytheme.com/html/saasly/assets/imgs/shape/shape-s-32.webp]
[crowdytheme.com/html/saasly/assets/imgs/icon/settings.webp]
[crowdytheme.com/html/saasly/assets/imgs/gallery/img-s-34.webp]
[crowdytheme.com/html/saasly/assets/imgs/gallery/img-s-35.webp]
[crowdytheme.com/html/saasly/assets/imgs/gallery/img-s-36.webp]
[crowdytheme.com/html/saasly/assets/imgs/gallery/img-s-37.webp]
[crowdytheme.com/html/saasly/assets/imgs/brand/img-s-20.webp]
[crowdytheme.com/html/saasly/assets/imgs/brand/img-s-21.webp]
[crowdytheme.com/html/saasly/assets/imgs/brand/img-s-22.webp]
[crowdytheme.com/html/saasly/assets/imgs/brand/img-s-23.webp]
[crowdytheme.com/html/saasly/assets/imgs/brand/img-s-24.webp]
[crowdytheme.com/html/saasly/assets/imgs/shape/shape-s-34.webp]
[crowdytheme.com/html/saasly/assets/imgs/shape/shape-s-35.webp]
[crowdytheme.com/html/saasly/assets/imgs/icon/icon-s-19.webp]
[crowdytheme.com/html/saasly/assets/imgs/icon/icon-s-20.webp]
[crowdytheme.com/html/saasly/assets/imgs/icon/icon-s-21.webp]
[crowdytheme.com/html/saasly/assets/imgs/icon/icon-s-22.webp]
[crowdytheme.com/html/saasly/assets/imgs/icon/icon-s-23.webp]
[crowdytheme.com/html/saasly/assets/imgs/gallery/img-s-38.webp]
[crowdytheme.com/html/saasly/assets/imgs/gallery/img-s-39.webp]
[crowdytheme.com/html/saasly/assets/imgs/icon/icon-app-12.webp]
[crowdytheme.com/html/saasly/assets/imgs/icon/icon-app-5.webp]
[crowdytheme.com/html/saasly/assets/imgs/icon/icon-app-10.webp]
[crowdytheme.com/html/saasly/assets/imgs/shape/shape-s-36.webp]
[crowdytheme.com/html/saasly/assets/imgs/icon/check-3.webp]
[crowdytheme.com/html/saasly/assets/imgs/icon/check-5.webp]
[crowdytheme.com/html/saasly/ai-image-generator.html]
[crowdytheme.com/html/saasly/assets/css/master-ai-chatbot.css]
[crowdytheme.com/html/saasly/assets/imgs/logo/logo-5.webp]
[crowdytheme.com/html/saasly/assets/imgs/gallery/img-s-15.webp]
[crowdytheme.com/html/saasly/assets/imgs/gallery/rating-4.9.webp]
[crowdytheme.com/html/saasly/assets/imgs/gallery/brand.webp]
[crowdytheme.com/html/saasly/assets/imgs/gallery/img-s-16.webp]
[crowdytheme.com/html/saasly/assets/imgs/shape/shape-s-15.webp]
[crowdytheme.com/html/saasly/assets/imgs/icon/icon-s-8.webp]
[crowdytheme.com/html/saasly/assets/imgs/icon/icon-s-9.webp]
[crowdytheme.com/html/saasly/assets/imgs/icon/icon-s-10.webp]
[crowdytheme.com/html/saasly/assets/imgs/icon/icon-s-11.webp]
[crowdytheme.com/html/saasly/assets/imgs/icon/check.webp]
[crowdytheme.com/html/saasly/assets/imgs/gallery/img-s-18.webp]
[crowdytheme.com/html/saasly/assets/imgs/gallery/img-s-17.webp]
[crowdytheme.com/html/saasly/assets/imgs/icon/imoji-1.webp]
[crowdytheme.com/html/saasly/assets/imgs/icon/imoji-4.webp]
[crowdytheme.com/html/saasly/assets/imgs/icon/imoji-3.webp]
[crowdytheme.com/html/saasly/assets/imgs/icon/imoji-2.webp]
[crowdytheme.com/html/saasly/assets/imgs/shape/shape-s-16.webp]
[crowdytheme.com/html/saasly/assets/imgs/gallery/google-store-2.webp]
[crowdytheme.com/html/saasly/assets/imgs/gallery/apple-store-2.webp]
[crowdytheme.com/html/saasly/assets/imgs/gallery/img-s-19.webp]
[crowdytheme.com/html/saasly/assets/imgs/icon/quote-2.webp]
[crowdytheme.com/html/saasly/assets/imgs/icon/arrow-left-long.webp]
[crowdytheme.com/html/saasly/assets/imgs/icon/arrow-right-long.webp]
[crowdytheme.com/html/saasly/assets/imgs/shape/shape-s-17.webp]
[crowdytheme.com/html/saasly/assets/imgs/gallery/img-s-20.webp]
[crowdytheme.com/html/saasly/assets/imgs/shape/shape-s-18.webp]
[crowdytheme.com/html/saasly/assets/imgs/shape/shape-s-19.webp]
[crowdytheme.com/html/saasly/assets/imgs/gallery/img-s-21.webp]
[crowdytheme.com/html/saasly/assets/imgs/logo/logo-6.webp]
[crowdytheme.com/html/saasly/ai-chatbot.html]
[crowdytheme.com/html/saasly/assets/css/master-ai-seo.css]
[crowdytheme.com/html/saasly/assets/imgs/logo/logo-11.webp]
[crowdytheme.com/html/saasly/assets/imgs/shape/shape-s-45.webp]
[crowdytheme.com/html/saasly/assets/imgs/shape/shape-s-46.webp]
[crowdytheme.com/html/saasly/assets/imgs/shape/shape-s-47.webp]
[crowdytheme.com/html/saasly/assets/imgs/icon/pen.webp]
[crowdytheme.com/html/saasly/assets/imgs/client/img-add-3.webp]
[crowdytheme.com/html/saasly/assets/imgs/gallery/img-s-48.webp]
[crowdytheme.com/html/saasly/assets/imgs/gallery/img-s-47.webp]
[crowdytheme.com/html/saasly/assets/imgs/shape/shape-s-44.webp]
[crowdytheme.com/html/saasly/assets/imgs/gallery/img-s-49.webp]
[crowdytheme.com/html/saasly/assets/imgs/gallery/img-s-51.webp]
[crowdytheme.com/html/saasly/assets/imgs/shape/shape-s-43.webp]
[crowdytheme.com/html/saasly/assets/imgs/icon/icon-s-28.webp]
[crowdytheme.com/html/saasly/assets/imgs/gallery/img-s-50.webp]
[crowdytheme.com/html/saasly/assets/imgs/brand/img-s-15.webp]
[crowdytheme.com/html/saasly/assets/imgs/brand/img-s-16.webp]
[crowdytheme.com/html/saasly/assets/imgs/brand/img-s-17.webp]
[crowdytheme.com/html/saasly/assets/imgs/brand/img-s-18.webp]
[crowdytheme.com/html/saasly/assets/imgs/brand/img-s-19.webp]
[crowdytheme.com/html/saasly/assets/imgs/gallery/img-s-52.webp]
[crowdytheme.com/html/saasly/assets/imgs/gallery/img-s-53.webp]
[crowdytheme.com/html/saasly/assets/imgs/gallery/img-s-54.webp]
[crowdytheme.com/html/saasly/assets/imgs/shape/shape-s-48.webp]
[crowdytheme.com/html/saasly/assets/imgs/icon/icon-s-29.webp]
[crowdytheme.com/html/saasly/assets/imgs/icon/icon-s-30.webp]
[crowdytheme.com/html/saasly/assets/imgs/icon/icon-s-31.webp]
[crowdytheme.com/html/saasly/assets/imgs/icon/icon-s-32.webp]
[crowdytheme.com/html/saasly/assets/imgs/icon/icon-app-1.webp]
[crowdytheme.com/html/saasly/assets/imgs/icon/icon-app-2.webp]
[crowdytheme.com/html/saasly/assets/imgs/icon/icon-app-3.webp]
[crowdytheme.com/html/saasly/assets/imgs/icon/icon-app-4.webp]
[crowdytheme.com/html/saasly/assets/imgs/icon/icon-app-6.webp]
[crowdytheme.com/html/saasly/assets/imgs/icon/icon-app-7.webp]
[crowdytheme.com/html/saasly/assets/imgs/icon/icon-app-8.webp]
[crowdytheme.com/html/saasly/assets/imgs/icon/icon-app-9.webp]
[crowdytheme.com/html/saasly/assets/imgs/icon/icon-app-11.webp]
[crowdytheme.com/html/saasly/assets/imgs/icon/icon-s-33.webp]
[crowdytheme.com/html/saasly/assets/imgs/shape/shape-s-49.webp]
[crowdytheme.com/html/saasly/assets/imgs/icon/icon-s-34.webp]
[crowdytheme.com/html/saasly/assets/imgs/icon/icon-s-35.webp]
[crowdytheme.com/html/saasly/assets/imgs/logo/logo-12.webp]
[crowdytheme.com/html/saasly/ai-seo.html]
[crowdytheme.com/html/saasly/assets/css/master-ai-software.css]
[crowdytheme.com/html/saasly/assets/imgs/logo/logo-10.webp]
[crowdytheme.com/html/saasly/assets/imgs/icon/search.webp]
[crowdytheme.com/html/saasly/assets/imgs/gallery/img-r-21.webp]
[crowdytheme.com/html/saasly/assets/imgs/gallery/img-r-91.webp]
[crowdytheme.com/html/saasly/assets/imgs/gallery/img-r-90.webp]
[crowdytheme.com/html/saasly/assets/imgs/gallery/img-r-89.webp]
[crowdytheme.com/html/saasly/assets/imgs/gallery/img-r-88.webp]
[crowdytheme.com/html/saasly/assets/imgs/shape/shape-r-15.webp]
[crowdytheme.com/html/saasly/assets/imgs/gallery/img-r-22.webp]
[crowdytheme.com/html/saasly/assets/imgs/gallery/img-r-23.webp]
[crowdytheme.com/html/saasly/assets/imgs/icon/icon-r-18.webp]
[crowdytheme.com/html/saasly/assets/imgs/icon/icon-r-19.webp]
[crowdytheme.com/html/saasly/assets/imgs/icon/icon-r-20.webp]
[crowdytheme.com/html/saasly/assets/imgs/icon/icon-r-21.webp]
[crowdytheme.com/html/saasly/assets/imgs/icon/icon-r-22.webp]
[crowdytheme.com/html/saasly/assets/imgs/icon/icon-r-23.webp]
[crowdytheme.com/html/saasly/assets/imgs/icon/icon-r-24.webp]
[crowdytheme.com/html/saasly/assets/imgs/icon/icon-r-25.webp]
[crowdytheme.com/html/saasly/assets/imgs/icon/icon-r-26.webp]
[crowdytheme.com/html/saasly/assets/imgs/gallery/img-r-24.webp]
[crowdytheme.com/html/saasly/assets/imgs/gallery/img-r-25.webp]
[crowdytheme.com/html/saasly/assets/imgs/gallery/img-r-26.webp]
[crowdytheme.com/html/saasly/assets/imgs/gallery/img-r-27.webp]
[crowdytheme.com/html/saasly/assets/imgs/icon/icon-r-27.webp]
[crowdytheme.com/html/saasly/assets/imgs/icon/icon-r-28.webp]
[crowdytheme.com/html/saasly/assets/imgs/icon/icon-r-29.webp]
[crowdytheme.com/html/saasly/assets/imgs/gallery/img-r-28.webp]
[crowdytheme.com/html/saasly/ai-software.html]
[crowdytheme.com/html/saasly/assets/css/master-ai-video-editor.css]
[crowdytheme.com/html/saasly/assets/imgs/shape/shape-r-11.webp]
[crowdytheme.com/html/saasly/assets/video/editor.mp4]
[crowdytheme.com/html/saasly/assets/imgs/gallery/img-r-10.webp]
[crowdytheme.com/html/saasly/assets/imgs/shape/shape-r-7.webp]
[crowdytheme.com/html/saasly/assets/imgs/gallery/img-r-11.webp]
[crowdytheme.com/html/saasly/assets/imgs/shape/shape-r-13.webp]
[crowdytheme.com/html/saasly/assets/imgs/icon/icon-r-7.webp]
[crowdytheme.com/html/saasly/assets/imgs/shape/shape-r-14.webp]
[crowdytheme.com/html/saasly/assets/imgs/icon/icon-r-8.webp]
[crowdytheme.com/html/saasly/assets/imgs/icon/icon-r-9.webp]
[crowdytheme.com/html/saasly/assets/video/1.mp4]
[crowdytheme.com/html/saasly/assets/video/2.mp4]
[crowdytheme.com/html/saasly/assets/video/4.mp4]
[crowdytheme.com/html/saasly/assets/video/6.mp4]
[crowdytheme.com/html/saasly/assets/video/3.mp4]
[crowdytheme.com/html/saasly/assets/video/5.mp4]
[crowdytheme.com/html/saasly/assets/imgs/icon/icon-r-10.webp]
[crowdytheme.com/html/saasly/assets/imgs/gallery/img-r-18.webp]
[crowdytheme.com/html/saasly/assets/imgs/icon/icon-r-11.webp]
[crowdytheme.com/html/saasly/assets/imgs/icon/icon-r-12.webp]
[crowdytheme.com/html/saasly/assets/imgs/icon/icon-r-13.webp]
[crowdytheme.com/html/saasly/assets/imgs/icon/icon-r-14.webp]
[crowdytheme.com/html/saasly/assets/imgs/icon/icon-r-15.webp]
[crowdytheme.com/html/saasly/assets/imgs/icon/icon-r-16.webp]
[crowdytheme.com/html/saasly/assets/imgs/gallery/img-r-19.webp]
[crowdytheme.com/html/saasly/assets/imgs/shape/shape-r-10.webp]
[crowdytheme.com/html/saasly/assets/imgs/icon/icon-r-17.webp]
[crowdytheme.com/html/saasly/assets/imgs/gallery/img-s-31.webp]
[crowdytheme.com/html/saasly/assets/imgs/icon/chevron-left.webp]
[crowdytheme.com/html/saasly/assets/imgs/icon/chevron-right.webp]
[crowdytheme.com/html/saasly/assets/imgs/shape/shape-r-8.webp]
[crowdytheme.com/html/saasly/assets/imgs/shape/shape-r-9.webp]
[crowdytheme.com/html/saasly/ai-video-editor.html]
[crowdytheme.com/html/saasly/assets/css/master-booking.css]
[crowdytheme.com/html/saasly/assets/imgs/logo/logo.webp]
[crowdytheme.com/html/saasly/assets/imgs/shape/cube.webp]
[crowdytheme.com/html/saasly/assets/imgs/shape/shape-01.webp]
[crowdytheme.com/html/saasly/assets/imgs/shape/shape-02.webp]
[crowdytheme.com/html/saasly/assets/imgs/shape/shape-03.webp]
[crowdytheme.com/html/saasly/assets/imgs/shape/shape-04.webp]
[crowdytheme.com/html/saasly/assets/imgs/shape/shape-05.webp]
[crowdytheme.com/html/saasly/assets/imgs/gallery/dashboard.webp]
[crowdytheme.com/html/saasly/assets/imgs/shape/shape-06.webp]
[crowdytheme.com/html/saasly/assets/imgs/shape/shape-07.webp]
[crowdytheme.com/html/saasly/assets/imgs/icon/icon-s-1.webp]
[crowdytheme.com/html/saasly/assets/imgs/icon/icon-s-2.webp]
[crowdytheme.com/html/saasly/assets/imgs/icon/icon-s-3.webp]
[crowdytheme.com/html/saasly/assets/imgs/gallery/gallery-s-1.webp]
[crowdytheme.com/html/saasly/assets/imgs/gallery/gallery-s-2.webp]
[crowdytheme.com/html/saasly/assets/imgs/gallery/gallery-s-3.webp]
[crowdytheme.com/html/saasly/assets/imgs/gallery/gallery-s-4.webp]
[crowdytheme.com/html/saasly/assets/imgs/gallery/gallery-s-5.webp]
[crowdytheme.com/html/saasly/assets/imgs/shape/shape-s-1.webp]
[crowdytheme.com/html/saasly/assets/imgs/shape/shape-s-2.webp]
[crowdytheme.com/html/saasly/assets/imgs/gallery/img-s-1.webp]
[crowdytheme.com/html/saasly/assets/imgs/gallery/dashboard-2.webp]
[crowdytheme.com/html/saasly/assets/imgs/shape/shape-s-3.webp]
[crowdytheme.com/html/saasly/assets/imgs/gallery/img-s-3.webp]
[crowdytheme.com/html/saasly/assets/imgs/gallery/img-s-4.webp]
[crowdytheme.com/html/saasly/assets/imgs/gallery/img-s-5.webp]
[crowdytheme.com/html/saasly/assets/imgs/gallery/img-s-6.webp]
[crowdytheme.com/html/saasly/assets/imgs/gallery/img-s-2.webp]
[crowdytheme.com/html/saasly/assets/imgs/icon/quote.webp]
[crowdytheme.com/html/saasly/assets/imgs/icon/icon-app-13.webp]
[crowdytheme.com/html/saasly/assets/imgs/icon/icon-app-14.webp]
[crowdytheme.com/html/saasly/assets/imgs/gallery/google-store.webp]
[crowdytheme.com/html/saasly/assets/imgs/gallery/apple-store.webp]
[crowdytheme.com/html/saasly/assets/imgs/gallery/img-s-7.webp]
[crowdytheme.com/html/saasly/assets/imgs/logo/logo-light.webp]
[crowdytheme.com/html/saasly/booking.html]
[crowdytheme.com/html/saasly/assets/css/master-online-meeting.css]
[crowdytheme.com/html/saasly/assets/imgs/logo/logo-2.webp]
[crowdytheme.com/html/saasly/assets/imgs/shape/shape-s-11.webp]
[crowdytheme.com/html/saasly/assets/imgs/client/img-add.webp]
[crowdytheme.com/html/saasly/assets/imgs/shape/shape-s-10.webp]
[crowdytheme.com/html/saasly/assets/imgs/shape/shape-s-7.webp]
[crowdytheme.com/html/saasly/assets/imgs/shape/shape-s-9.webp]
[crowdytheme.com/html/saasly/assets/imgs/gallery/img-s-8.webp]
[crowdytheme.com/html/saasly/assets/imgs/shape/shape-s-5.webp]
[crowdytheme.com/html/saasly/assets/imgs/shape/shape-s-8.webp]
[crowdytheme.com/html/saasly/assets/imgs/gallery/img-s-9.webp]
[crowdytheme.com/html/saasly/assets/imgs/shape/shape-s-6.webp]
[crowdytheme.com/html/saasly/assets/imgs/logo/logo-3.webp]
[crowdytheme.com/html/saasly/assets/imgs/shape/shape-s-4.webp]
[crowdytheme.com/html/saasly/assets/imgs/gallery/img-s-10.webp]
[crowdytheme.com/html/saasly/assets/imgs/gallery/img-s-11.webp]
[crowdytheme.com/html/saasly/assets/imgs/gallery/img-s-12.webp]
[crowdytheme.com/html/saasly/assets/imgs/shape/shape-s-12.webp]
[crowdytheme.com/html/saasly/assets/imgs/icon/check-2.webp]
[crowdytheme.com/html/saasly/assets/imgs/gallery/img-s-13.webp]
[crowdytheme.com/html/saasly/assets/imgs/icon/icon-s-4.webp]
[crowdytheme.com/html/saasly/assets/imgs/icon/icon-s-5.webp]
[crowdytheme.com/html/saasly/assets/imgs/icon/icon-s-6.webp]
[crowdytheme.com/html/saasly/assets/imgs/icon/icon-s-7.webp]
[crowdytheme.com/html/saasly/assets/imgs/gallery/img-s-14.webp]
[crowdytheme.com/html/saasly/assets/imgs/logo/logo-4.webp]
[crowdytheme.com/html/saasly/online-meeting.html]
[crowdytheme.com/html/saasly/assets/css/master-customer-service.css]
[crowdytheme.com/html/saasly/assets/imgs/icon/cross-light.webp]
[crowdytheme.com/html/saasly/assets/imgs/logo/logo-7.webp]
[crowdytheme.com/html/saasly/assets/imgs/gallery/img-s-22.webp]
[crowdytheme.com/html/saasly/assets/imgs/gallery/img-s-23.webp]
[crowdytheme.com/html/saasly/assets/imgs/gallery/img-s-24.webp]
[crowdytheme.com/html/saasly/assets/imgs/gallery/img-s-25.webp]
[crowdytheme.com/html/saasly/assets/imgs/shape/shape-s-20.webp]
[crowdytheme.com/html/saasly/assets/imgs/shape/shape-s-21.webp]
[crowdytheme.com/html/saasly/assets/imgs/shape/shape-s-22.webp]
[crowdytheme.com/html/saasly/assets/imgs/shape/shape-s-23.webp]
[crowdytheme.com/html/saasly/assets/imgs/shape/shape-s-24.webp]
[crowdytheme.com/html/saasly/assets/imgs/shape/shape-s-25.webp]
[crowdytheme.com/html/saasly/assets/imgs/shape/shape-s-26.webp]
[crowdytheme.com/html/saasly/assets/imgs/shape/shape-s-27.webp]
[crowdytheme.com/html/saasly/assets/imgs/icon/icon-s-12.webp]
[crowdytheme.com/html/saasly/assets/imgs/icon/icon-s-13.webp]
[crowdytheme.com/html/saasly/assets/imgs/icon/icon-s-14.webp]
[crowdytheme.com/html/saasly/assets/imgs/gallery/img-s-26.webp]
[crowdytheme.com/html/saasly/assets/imgs/icon/icon-s-15.webp]
[crowdytheme.com/html/saasly/assets/imgs/icon/icon-s-16.webp]
[crowdytheme.com/html/saasly/assets/imgs/icon/icon-s-17.webp]
[crowdytheme.com/html/saasly/assets/imgs/shape/shape-s-28.webp]
[crowdytheme.com/html/saasly/assets/imgs/shape/shape-s-29.webp]
[crowdytheme.com/html/saasly/assets/imgs/gallery/img-s-27.webp]
[crowdytheme.com/html/saasly/assets/imgs/gallery/img-s-28.webp]
[crowdytheme.com/html/saasly/assets/imgs/gallery/img-s-29.webp]
[crowdytheme.com/html/saasly/assets/imgs/icon/check-6.webp]
[crowdytheme.com/html/saasly/assets/imgs/gallery/img-s-30.webp]
[crowdytheme.com/html/saasly/assets/imgs/gallery/img-s-32.webp]
[crowdytheme.com/html/saasly/assets/imgs/gallery/img-s-33.webp]
[crowdytheme.com/html/saasly/assets/imgs/shape/shape-s-30.webp]
[crowdytheme.com/html/saasly/assets/imgs/shape/shape-s-31.webp]
[crowdytheme.com/html/saasly/assets/imgs/logo/logo-8.webp]
[crowdytheme.com/html/saasly/customer-service.html]
[crowdytheme.com/html/saasly/assets/imgs/shape/shape-r-16.webp]
[crowdytheme.com/html/saasly/assets/css/master-mobile-apps.css]
[crowdytheme.com/html/saasly/assets/imgs/shape/shape-r-17.webp]
[crowdytheme.com/html/saasly/assets/imgs/shape/shape-r-19.webp]
[crowdytheme.com/html/saasly/assets/imgs/gallery/img-r-31.webp]
[crowdytheme.com/html/saasly/assets/imgs/gallery/img-r-32.webp]
[crowdytheme.com/html/saasly/assets/imgs/gallery/img-r-29.webp]
[crowdytheme.com/html/saasly/assets/imgs/shape/shape-r-27.webp]
[crowdytheme.com/html/saasly/assets/imgs/icon/icon-r-30.webp]
[crowdytheme.com/html/saasly/assets/imgs/icon/icon-r-31.webp]
[crowdytheme.com/html/saasly/assets/imgs/icon/icon-r-32.webp]
[crowdytheme.com/html/saasly/assets/imgs/shape/shape-r-21.webp]
[crowdytheme.com/html/saasly/assets/imgs/icon/icon-r-33.webp]
[crowdytheme.com/html/saasly/assets/imgs/gallery/img-r-35.webp]
[crowdytheme.com/html/saasly/assets/imgs/gallery/img-r-34.webp]
[crowdytheme.com/html/saasly/assets/imgs/shape/shape-r-24.webp]
[crowdytheme.com/html/saasly/assets/imgs/shape/shape-r-23.webp]
[crowdytheme.com/html/saasly/assets/imgs/shape/shape-r-22.webp]
[crowdytheme.com/html/saasly/assets/imgs/icon/icon-r-35.webp]
[crowdytheme.com/html/saasly/assets/imgs/icon/icon-r-36.webp]
[crowdytheme.com/html/saasly/assets/imgs/gallery/img-r-36.webp]
[crowdytheme.com/html/saasly/assets/imgs/icon/icon-r-41.webp]
[crowdytheme.com/html/saasly/assets/imgs/icon/icon-r-37.webp]
[crowdytheme.com/html/saasly/assets/imgs/gallery/img-r-37.webp]
[crowdytheme.com/html/saasly/assets/imgs/icon/icon-r-42.webp]
[crowdytheme.com/html/saasly/assets/imgs/icon/icon-r-38.webp]
[crowdytheme.com/html/saasly/assets/imgs/gallery/img-r-38.webp]
[crowdytheme.com/html/saasly/assets/imgs/gallery/img-r-39.webp]
[crowdytheme.com/html/saasly/assets/imgs/gallery/play-store-radius-none.webp]
[crowdytheme.com/html/saasly/assets/imgs/gallery/apple-store-radius-none.webp]
[crowdytheme.com/html/saasly/assets/imgs/gallery/img-r-40.webp]
[crowdytheme.com/html/saasly/assets/imgs/shape/shape-r-25.webp]
[crowdytheme.com/html/saasly/assets/imgs/shape/shape-r-26.webp]
[crowdytheme.com/html/saasly/assets/imgs/icon/icon-r-39.webp]
[crowdytheme.com/html/saasly/assets/imgs/icon/icon-r-40.webp]
[crowdytheme.com/html/saasly/assets/imgs/gallery/img-r-41.webp]
[crowdytheme.com/html/saasly/mobile-apps.html]
[crowdytheme.com/html/saasly/assets/css/master-marketing.css]
[crowdytheme.com/html/saasly/assets/imgs/gallery/img-r-74.webp]
[crowdytheme.com/html/saasly/assets/imgs/gallery/img-r-75.webp]
[crowdytheme.com/html/saasly/assets/imgs/gallery/img-r-44.webp]
[crowdytheme.com/html/saasly/assets/imgs/gallery/img-r-45.webp]
[crowdytheme.com/html/saasly/assets/imgs/gallery/img-r-49.webp]
[crowdytheme.com/html/saasly/assets/imgs/gallery/img-r-78.webp]
[crowdytheme.com/html/saasly/assets/imgs/gallery/img-r-79.webp]
[crowdytheme.com/html/saasly/assets/imgs/gallery/img-r-80.webp]
[crowdytheme.com/html/saasly/assets/imgs/gallery/img-r-81.webp]
[crowdytheme.com/html/saasly/assets/imgs/shape/shape-r-30.webp]
[crowdytheme.com/html/saasly/assets/imgs/shape/shape-r-31.webp]
[crowdytheme.com/html/saasly/assets/imgs/gallery/img-r-77.webp]
[crowdytheme.com/html/saasly/assets/imgs/gallery/img-r-93.png]
[crowdytheme.com/html/saasly/assets/video/dashboard.gif]
[crowdytheme.com/html/saasly/assets/imgs/gallery/img-r-50.webp]
[crowdytheme.com/html/saasly/assets/imgs/gallery/img-r-51.webp]
[crowdytheme.com/html/saasly/assets/imgs/gallery/img-r-59.webp]
[crowdytheme.com/html/saasly/assets/imgs/gallery/img-r-52.webp]
[crowdytheme.com/html/saasly/assets/imgs/gallery/img-r-53.webp]
[crowdytheme.com/html/saasly/assets/imgs/gallery/img-r-54.webp]
[crowdytheme.com/html/saasly/assets/imgs/gallery/img-r-55.webp]
[crowdytheme.com/html/saasly/assets/imgs/gallery/img-r-56.webp]
[crowdytheme.com/html/saasly/assets/imgs/gallery/img-r-58.webp]
[crowdytheme.com/html/saasly/assets/imgs/gallery/img-r-57.webp]
[crowdytheme.com/html/saasly/assets/imgs/gallery/img-r-57-small.webp]
[crowdytheme.com/html/saasly/assets/imgs/gallery/img-r-60.webp]
[crowdytheme.com/html/saasly/assets/imgs/icon/icon-r-43.webp]
[crowdytheme.com/html/saasly/assets/imgs/gallery/img-r-63.webp]
[crowdytheme.com/html/saasly/assets/imgs/gallery/img-r-65.webp]
[crowdytheme.com/html/saasly/assets/imgs/client/img-r-1.webp]
[crowdytheme.com/html/saasly/assets/imgs/gallery/img-r-61.webp]
[crowdytheme.com/html/saasly/assets/imgs/gallery/img-r-64.webp]
[crowdytheme.com/html/saasly/assets/imgs/client/img-r-2.webp]
[crowdytheme.com/html/saasly/assets/imgs/gallery/img-r-62.webp]
[crowdytheme.com/html/saasly/assets/imgs/client/img-r-3.webp]
[crowdytheme.com/html/saasly/assets/imgs/gallery/img-r-66.webp]
[crowdytheme.com/html/saasly/assets/imgs/gallery/img-r-82.webp]
[crowdytheme.com/html/saasly/assets/imgs/gallery/img-r-67.webp]
[crowdytheme.com/html/saasly/assets/imgs/gallery/img-r-68.webp]
[crowdytheme.com/html/saasly/assets/imgs/gallery/img-r-69.webp]
[crowdytheme.com/html/saasly/assets/imgs/gallery/img-r-70.webp]
[crowdytheme.com/html/saasly/assets/imgs/gallery/img-r-71.webp]
[crowdytheme.com/html/saasly/assets/imgs/gallery/img-r-72.webp]
[crowdytheme.com/html/saasly/assets/imgs/icon/icon-r-44.webp]
[crowdytheme.com/html/saasly/assets/imgs/gallery/img-r-73.webp]
[crowdytheme.com/html/saasly/marketing-automation.html]
[crowdytheme.com/html/saasly/assets/css/master-about.css]
[crowdytheme.com/html/saasly/assets/imgs/client/img-add-5.webp]
[crowdytheme.com/html/saasly/assets/imgs/gallery/img-r-83.webp]
[crowdytheme.com/html/saasly/assets/imgs/gallery/img-r-84.webp]
[crowdytheme.com/html/saasly/assets/imgs/gallery/img-r-85.webp]
[crowdytheme.com/html/saasly/assets/imgs/shape/shape-r-35.webp]
[crowdytheme.com/html/saasly/assets/imgs/icon/icon-s-36.webp]
[crowdytheme.com/html/saasly/assets/imgs/gallery/img-r-87.webp]
[crowdytheme.com/html/saasly/assets/imgs/client/img-add-6.webp]
[crowdytheme.com/html/saasly/assets/imgs/shape/shape-r-32.webp]
[crowdytheme.com/html/saasly/assets/imgs/icon/icon-r-46.webp]
[crowdytheme.com/html/saasly/assets/imgs/icon/icon-r-47.webp]
[crowdytheme.com/html/saasly/assets/imgs/icon/icon-r-48.webp]
[crowdytheme.com/html/saasly/assets/imgs/team/img-s-1.webp]
[crowdytheme.com/html/saasly/assets/imgs/team/img-s-2.webp]
[crowdytheme.com/html/saasly/assets/imgs/team/img-s-3.webp]
[crowdytheme.com/html/saasly/assets/imgs/team/img-s-4.webp]
[crowdytheme.com/html/saasly/assets/imgs/shape/shape-r-33.webp]
[crowdytheme.com/html/saasly/assets/imgs/shape/shape-r-34.webp]
[crowdytheme.com/html/saasly/assets/js/wc-cursor.js]
[crowdytheme.com/html/saasly/about.html]
[crowdytheme.com/html/saasly/assets/css/master-integration.css]
[crowdytheme.com/html/saasly/assets/imgs/shape/shape-s-52.webp]
[crowdytheme.com/html/saasly/assets/imgs/icon/angle-right.webp]
[crowdytheme.com/html/saasly/assets/imgs/gallery/img-s-55.webp]
[crowdytheme.com/html/saasly/assets/imgs/shape/shape-s-54.webp]
[crowdytheme.com/html/saasly/assets/imgs/icon/icon-int-1.webp]
[crowdytheme.com/html/saasly/assets/imgs/icon/icon-int-2.webp]
[crowdytheme.com/html/saasly/assets/imgs/icon/icon-int-3.webp]
[crowdytheme.com/html/saasly/assets/imgs/icon/icon-int-4.webp]
[crowdytheme.com/html/saasly/assets/imgs/icon/icon-int-5.webp]
[crowdytheme.com/html/saasly/assets/imgs/icon/icon-int-6.webp]
[crowdytheme.com/html/saasly/assets/imgs/shape/shape-s-53.webp]
[crowdytheme.com/html/saasly/integration.html]
[crowdytheme.com/html/saasly/assets/css/master-integration-single.css]
[crowdytheme.com/html/saasly/assets/imgs/gallery/img-s-56.webp]
[crowdytheme.com/html/saasly/assets/imgs/icon/check-8.webp]
[crowdytheme.com/html/saasly/integration-single.html]
[crowdytheme.com/html/saasly/assets/css/master-contact.css]
[crowdytheme.com/html/saasly/assets/imgs/shape/shape-s-56.webp]
[crowdytheme.com/html/saasly/assets/imgs/gallery/img-s-57.webp]
[crowdytheme.com/html/saasly/assets/imgs/shape/shape-s-57.webp]
[crowdytheme.com/html/saasly/assets/imgs/shape/shape-s-58.webp]
[crowdytheme.com/html/saasly/contact.html]
[crowdytheme.com/html/saasly/assets/css/master-error-404.css]
[crowdytheme.com/html/saasly/assets/imgs/shape/shape-s-59.webp]
[crowdytheme.com/html/saasly/assets/imgs/shape/error-404.webp]
[crowdytheme.com/html/saasly/404.html]
[crowdytheme.com/html/saasly/assets/css/master-pricing.css]
[crowdytheme.com/html/saasly/assets/imgs/shape/shape-s-60.webp]
[crowdytheme.com/html/saasly/pricing.html]
[crowdytheme.com/html/saasly/faq.html]
[crowdytheme.com/html/saasly/assets/css/master-faq.css]
[crowdytheme.com/html/saasly/all-template.html]
[crowdytheme.com/html/saasly/assets/css/master-all-template.css]
[crowdytheme.com/html/saasly/assets/css/master-team.css]
[crowdytheme.com/html/saasly/assets/imgs/team/img-s-5.webp]
[crowdytheme.com/html/saasly/assets/imgs/team/img-s-6.webp]
[crowdytheme.com/html/saasly/assets/imgs/team/img-s-7.webp]
[crowdytheme.com/html/saasly/assets/imgs/team/img-s-8.webp]
[crowdytheme.com/html/saasly/team.html]
[crowdytheme.com/html/saasly/privacy-policy.html]
[crowdytheme.com/html/saasly/assets/css/master-privacy-policy.css]
[crowdytheme.com/html/saasly/assets/css/master-blog.css]
[crowdytheme.com/html/saasly/assets/imgs/blog/img-s-4.webp]
[crowdytheme.com/html/saasly/assets/imgs/blog/img-s-5.webp]
[crowdytheme.com/html/saasly/assets/imgs/blog/img-s-6.webp]
[crowdytheme.com/html/saasly/blog.html]
[crowdytheme.com/html/saasly/assets/css/master-blog-details.css]
[crowdytheme.com/html/saasly/assets/imgs/icon/user-orange.webp]
[crowdytheme.com/html/saasly/assets/imgs/icon/date-orange.webp]
[crowdytheme.com/html/saasly/assets/imgs/icon/comment-orange.webp]
[crowdytheme.com/html/saasly/assets/imgs/blog/img-s-7.webp]
[crowdytheme.com/html/saasly/assets/imgs/icon/view-graph.webp]
[crowdytheme.com/html/saasly/assets/imgs/icon/share.webp]
[crowdytheme.com/html/saasly/assets/imgs/icon/quote-dark.webp]
[crowdytheme.com/html/saasly/assets/imgs/blog/img-s-8.webp]
[crowdytheme.com/html/saasly/blog-details.html]
[crowdytheme.com/html/saasly/index.html]
[crowdytheme.com/html/saasly/assets/js/jquery-3.6.0.min.js]
[crowdytheme.com/html/saasly/assets/js/bootstrap.bundle.min.js]
[crowdytheme.com/html/saasly/assets/js/jquery.magnific-popup.min.js]
[crowdytheme.com/html/saasly/${l}]
[crowdytheme.com/html/saasly/e]
[crowdytheme.com/html/saasly/t.params.url]
[crowdytheme.com/html/saasly/assets/js/swiper-bundle.min.js]
[crowdytheme.com/html/saasly/assets/js/counter.js]
[crowdytheme.com/html/saasly/assets/js/gsap.min.js]
[crowdytheme.com/html/saasly/assets/js/ScrollSmoother.min.js]
[crowdytheme.com/html/saasly/assets/js/ScrollToPlugin.min.js]
[crowdytheme.com/html/saasly/assets/js/ScrollTrigger.min.js]
[crowdytheme.com/html/saasly/assets/js/jquery.meanmenu.min.js]
[crowdytheme.com/html/saasly/assets/js/backToTop.js]
[crowdytheme.com/html/saasly/assets/js/main.js]
[crowdytheme.com/html/saasly/assets/js/error-handling.js]
[crowdytheme.com/html/saasly/assets/js/offcanvas.js]
[crowdytheme.com/html/saasly/assets/css/animated-overlay.html]
[crowdytheme.com/html/saasly/assets/fonts/beatrice/BeatriceTRIAL-Bold-BF64829e8fd7dc6.html]
[crowdytheme.com/html/saasly/assets/imgs/writer/body-bg.html]
[crowdytheme.com/html/saasly/assets/imgs/electrician/check-mark.html]
[crowdytheme.com/html/saasly/assets/imgs/icon/arrow-left.html]
[crowdytheme.com/html/saasly/assets/imgs/icon/arrow-right.html]
[crowdytheme.com/html/saasly/assets/imgs/writer/go-top.html]
[crowdytheme.com/html/saasly/assets/imgs/writer/go-top-light.html]
[crowdytheme.com/html/saasly/assets/imgs/shape/shape-s-42.webp]
[crowdytheme.com/html/saasly/assets/imgs/shape/shape-s-61.webp]
[crowdytheme.com/html/saasly/assets/css/master-ai-content-writer.css]
[crowdytheme.com/html/saasly/assets/css/master-ai-image-generator.css]
[crowdytheme.com/html/saasly/assets/imgs/shape/shape-s-13.webp]
[crowdytheme.com/html/saasly/assets/imgs/shape/shape-s-14.webp]
[crowdytheme.com/html/saasly/assets/css/master-ai-chatbot.css]
[crowdytheme.com/html/saasly/assets/imgs/shape/shape-s-50.webp]
[crowdytheme.com/html/saasly/assets/imgs/shape/shape-s-51.webp]
[crowdytheme.com/html/saasly/assets/css/master-ai-seo.css]
[crowdytheme.com/html/saasly/assets/css/master-ai-software.css]
[crowdytheme.com/html/saasly/assets/imgs/shape/shape-r-12.webp]
[crowdytheme.com/html/saasly/assets/css/master-ai-video-editor.css]
[crowdytheme.com/html/saasly/assets/css/master-booking.css]
[crowdytheme.com/html/saasly/assets/css/master-online-meeting.css]
[crowdytheme.com/html/saasly/assets/css/master-customer-service.css]
[crowdytheme.com/html/saasly/assets/imgs/gallery/img-r-33.webp]
[crowdytheme.com/html/saasly/assets/css/master-mobile-apps.css]
[crowdytheme.com/html/saasly/assets/imgs/gallery/img-r-76.webp]
[crowdytheme.com/html/saasly/assets/imgs/gallery/img-r-94.png]
[crowdytheme.com/html/saasly/assets/css/master-marketing.css]
[crowdytheme.com/html/saasly/assets/css/master-about.css]
[crowdytheme.com/html/saasly/assets/js/wc-cursor.html]
[crowdytheme.com/html/saasly/assets/css/master-integration.css]
[crowdytheme.com/html/saasly/assets/css/master-integration-single.css]
[crowdytheme.com/html/saasly/assets/css/master-contact.css]
[crowdytheme.com/html/saasly/assets/css/master-error-404.css]
[crowdytheme.com/html/saasly/assets/css/master-pricing.css]
[crowdytheme.com/html/saasly/assets/css/master-faq.css]
[crowdytheme.com/html/saasly/assets/css/master-all-template.css]
[crowdytheme.com/html/saasly/assets/css/master-team.css]
[crowdytheme.com/html/saasly/assets/css/master-privacy-policy.css]
[crowdytheme.com/html/saasly/assets/css/master-blog.css]
[crowdytheme.com/html/saasly/assets/css/master-blog-details.css]
[crowdytheme.com/html/saasly/${l}.html]
[crowdytheme.com/html/saasly/e.html]
[crowdytheme.com/html/saasly/t.params.html]
